// Jest Snapshot v1, https://goo.gl/fbAQLP

exports[`List of jobs page Test render component 1`] = `
<div
  className="search-page"
>
  <div>
    <div
      className="StyledGrommet-sc-19lkkz7-0 bYWoze"
    >
      <form
        onSubmit={[Function]}
      >
        <div
          className="StyledBox-sc-13pk1d4-0 jhDpEr"
        >
          <div
            className="search-fields FormField__FormFieldBox-m9hood-0 eshLKp StyledBox-sc-13pk1d4-0 CAsMy"
          >
            <label
              className="StyledText-sc-1sadyjn-0 bMXxti"
            >
              Job description
            </label>
            <div
              className="StyledBox-sc-13pk1d4-0 gZSidW"
            >
              <div
                className="StyledTextInput__StyledTextInputContainer-sc-1x30a0s-1 yIdXy"
              >
                <input
                  autoComplete="off"
                  className="StyledTextInput-sc-1x30a0s-0 cuRQxH"
                  id="name-input"
                  label="Job description"
                  name="description"
                  onBlur={[Function]}
                  onChange={[Function]}
                  onFocus={[Function]}
                  onKeyDown={[Function]}
                  placeholder="Filter by title, benefits, companies"
                  value=""
                />
              </div>
            </div>
          </div>
          <div
            className="search-fields FormField__FormFieldBox-m9hood-0 eshLKp StyledBox-sc-13pk1d4-0 CAsMy"
          >
            <label
              className="StyledText-sc-1sadyjn-0 bMXxti"
            >
              Location
            </label>
            <div
              className="StyledBox-sc-13pk1d4-0 gZSidW"
            >
              <div
                className="StyledTextInput__StyledTextInputContainer-sc-1x30a0s-1 yIdXy"
              >
                <input
                  autoComplete="off"
                  className="StyledTextInput-sc-1x30a0s-0 cuRQxH"
                  id="location-input"
                  label="Location"
                  name="location"
                  onBlur={[Function]}
                  onChange={[Function]}
                  onFocus={[Function]}
                  onKeyDown={[Function]}
                  placeholder="Filter by city, state, zip code or country"
                  value=""
                />
              </div>
            </div>
          </div>
          <div
            className="check-box"
          >
            <div
              className="no-border FormField__FormFieldBox-m9hood-0 eshLKp StyledBox-sc-13pk1d4-0 CAsMy"
            >
              <div
                className="StyledBox-sc-13pk1d4-0 gZSidW"
              >
                <div
                  className="StyledBox-sc-13pk1d4-0 dJuAoq"
                >
                  <label
                    checked={false}
                    className="StyledCheckBox__StyledCheckBoxContainer-sc-1dbk5ju-1 bVmNDQ"
                    htmlFor="full-time"
                    onClick={[Function]}
                  >
                    <div
                      checked={false}
                      className="StyledCheckBox-sc-1dbk5ju-6 kJHHiF StyledBox-sc-13pk1d4-0 emCRMK"
                    >
                      <input
                        checked={false}
                        className="StyledCheckBox__StyledCheckBoxInput-sc-1dbk5ju-2 brHjRm"
                        id="full-time"
                        name="full_time"
                        onBlur={[Function]}
                        onChange={[Function]}
                        onFocus={[Function]}
                        type="checkbox"
                      />
                      <div
                        checked={false}
                        className="StyledCheckBox__StyledCheckBoxBox-sc-1dbk5ju-3 fxKnpz StyledBox-sc-13pk1d4-0 jFlQDV"
                      />
                    </div>
                    <span>
                      Full Time Only
                    </span>
                  </label>
                </div>
              </div>
            </div>
          </div>
          <button
            className="StyledButton-sc-323bzc-0 cawECJ"
            id="search"
            onBlur={[Function]}
            onFocus={[Function]}
            onMouseOut={[Function]}
            onMouseOver={[Function]}
            type="submit"
          >
            Search
          </button>
        </div>
      </form>
    </div>
  </div>
  <div
    className="jobs-list"
  >
    <div
      className="pagination"
    >
      <a>
        «
      </a>
      <a
        className="active"
        name={1}
        onClick={[Function]}
      >
        1
      </a>
      <a
        className=""
        name={2}
        onClick={[Function]}
      >
        2
      </a>
      <a
        className=""
        name={3}
        onClick={[Function]}
      >
        3
      </a>
      <a
        className=""
        name={4}
        onClick={[Function]}
      >
        4
      </a>
      <a
        className=""
        name={5}
        onClick={[Function]}
      >
        5
      </a>
      <a
        className=""
        name={6}
        onClick={[Function]}
      >
        6
      </a>
      <a
        className=""
        name={7}
        onClick={[Function]}
      >
        7
      </a>
      <a>
        »
      </a>
    </div>
  </div>
</div>
`;

exports[`List of jobs page Test render non-empty component 1`] = `
<div
  className="search-page"
>
  <div>
    <div
      className="StyledGrommet-sc-19lkkz7-0 bYWoze"
    >
      <form
        onSubmit={[Function]}
      >
        <div
          className="StyledBox-sc-13pk1d4-0 jhDpEr"
        >
          <div
            className="search-fields FormField__FormFieldBox-m9hood-0 eshLKp StyledBox-sc-13pk1d4-0 CAsMy"
          >
            <label
              className="StyledText-sc-1sadyjn-0 bMXxti"
            >
              Job description
            </label>
            <div
              className="StyledBox-sc-13pk1d4-0 gZSidW"
            >
              <div
                className="StyledTextInput__StyledTextInputContainer-sc-1x30a0s-1 yIdXy"
              >
                <input
                  autoComplete="off"
                  className="StyledTextInput-sc-1x30a0s-0 cuRQxH"
                  id="name-input"
                  label="Job description"
                  name="description"
                  onBlur={[Function]}
                  onChange={[Function]}
                  onFocus={[Function]}
                  onKeyDown={[Function]}
                  placeholder="Filter by title, benefits, companies"
                  value=""
                />
              </div>
            </div>
          </div>
          <div
            className="search-fields FormField__FormFieldBox-m9hood-0 eshLKp StyledBox-sc-13pk1d4-0 CAsMy"
          >
            <label
              className="StyledText-sc-1sadyjn-0 bMXxti"
            >
              Location
            </label>
            <div
              className="StyledBox-sc-13pk1d4-0 gZSidW"
            >
              <div
                className="StyledTextInput__StyledTextInputContainer-sc-1x30a0s-1 yIdXy"
              >
                <input
                  autoComplete="off"
                  className="StyledTextInput-sc-1x30a0s-0 cuRQxH"
                  id="location-input"
                  label="Location"
                  name="location"
                  onBlur={[Function]}
                  onChange={[Function]}
                  onFocus={[Function]}
                  onKeyDown={[Function]}
                  placeholder="Filter by city, state, zip code or country"
                  value=""
                />
              </div>
            </div>
          </div>
          <div
            className="check-box"
          >
            <div
              className="no-border FormField__FormFieldBox-m9hood-0 eshLKp StyledBox-sc-13pk1d4-0 CAsMy"
            >
              <div
                className="StyledBox-sc-13pk1d4-0 gZSidW"
              >
                <div
                  className="StyledBox-sc-13pk1d4-0 dJuAoq"
                >
                  <label
                    checked={false}
                    className="StyledCheckBox__StyledCheckBoxContainer-sc-1dbk5ju-1 bVmNDQ"
                    htmlFor="full-time"
                    onClick={[Function]}
                  >
                    <div
                      checked={false}
                      className="StyledCheckBox-sc-1dbk5ju-6 kJHHiF StyledBox-sc-13pk1d4-0 emCRMK"
                    >
                      <input
                        checked={false}
                        className="StyledCheckBox__StyledCheckBoxInput-sc-1dbk5ju-2 brHjRm"
                        id="full-time"
                        name="full_time"
                        onBlur={[Function]}
                        onChange={[Function]}
                        onFocus={[Function]}
                        type="checkbox"
                      />
                      <div
                        checked={false}
                        className="StyledCheckBox__StyledCheckBoxBox-sc-1dbk5ju-3 fxKnpz StyledBox-sc-13pk1d4-0 jFlQDV"
                      />
                    </div>
                    <span>
                      Full Time Only
                    </span>
                  </label>
                </div>
              </div>
            </div>
          </div>
          <button
            className="StyledButton-sc-323bzc-0 cawECJ"
            id="search"
            onBlur={[Function]}
            onFocus={[Function]}
            onMouseOut={[Function]}
            onMouseOver={[Function]}
            type="submit"
          >
            Search
          </button>
        </div>
      </form>
    </div>
  </div>
  <div
    className="jobs-list"
  >
    <div
      className="pagination"
    >
      <a>
        «
      </a>
      <a
        className="active"
        name={1}
        onClick={[Function]}
      >
        1
      </a>
      <a
        className=""
        name={2}
        onClick={[Function]}
      >
        2
      </a>
      <a
        className=""
        name={3}
        onClick={[Function]}
      >
        3
      </a>
      <a
        className=""
        name={4}
        onClick={[Function]}
      >
        4
      </a>
      <a
        className=""
        name={5}
        onClick={[Function]}
      >
        5
      </a>
      <a
        className=""
        name={6}
        onClick={[Function]}
      >
        6
      </a>
      <a
        className=""
        name={7}
        onClick={[Function]}
      >
        7
      </a>
      <a>
        »
      </a>
    </div>
  </div>
</div>
`;
